
> archive-client@1.0.0 build
> vite build

node.exe : [33mThe CJS 
build of Vite's Node API is 
deprecated. See https://vite
.dev/guide/troubleshooting.h
tml#vite-cjs-node-api-deprec
ated for more details.[39m
At line:1 char:1
+ & "C:\Program 
Files\nodejs/node.exe" 
"C:\Program 
Files\nodejs/node_mo ...
+ ~~~~~~~~~~~~~~~~~~~~~~~~~~
~~~~~~~~~~~~~~~~~~~~~~~~~~~~
~~~~~~~~~~~~~~~
    + CategoryInfo          
    : NotSpecified: ([33m  
  The CJS bu...e details.   
 [39m:String) [], Remot    
eException
    + FullyQualifiedErrorId 
    : NativeCommandError
 
[36mvite v5.4.21 [32mbuilding for production...[36m[39m
transforming...
(node:31664) [MODULE_TYPELES
S_PACKAGE_JSON] Warning: 
Module type of file:///C:/Us
ers/Samitha/Desktop/pro_uov/
client/postcss.config.js is 
not specified and it 
doesn't parse as CommonJS.
Reparsing as ES module 
because module syntax was 
detected. This incurs a 
performance overhead.
To eliminate this warning, 
add "type": "module" to C:\U
sers\Samitha\Desktop\pro_uov
\client\package.json.
(Use `node --trace-warnings 
...` to show where the 
warning was created)
[32mΓ£ô[39m 1550 modules transformed.
rendering chunks...
computing gzip size...
[2mdist/[22m[32mindex.html                               [39m[1m[2m  0.88 kB[22m[1m[22m[2m Γöé gzip:   0.48 kB[22m
[2mdist/[22m[35massets/index-BaKAsu0M.css                [39m[1m[2m 51.53 kB[22m[1m[22m[2m Γöé gzip:   8.12 kB[22m
[2mdist/[22m[36massets/PlusIcon-fb5wlEr8.js              [39m[1m[2m  0.48 kB[22m[1m[22m[2m Γöé gzip:   0.35 kB[22m
[2mdist/[22m[36massets/ChevronLeftIcon-Cem7KC_z.js       [39m[1m[2m  0.48 kB[22m[1m[22m[2m Γöé gzip:   0.36 kB[22m
[2mdist/[22m[36massets/ArrowLeftIcon-D7cNMt0_.js         [39m[1m[2m  0.49 kB[22m[1m[22m[2m Γöé gzip:   0.36 kB[22m
[2mdist/[22m[36massets/ClockIcon-CSuJEc5Z.js             [39m[1m[2m  0.50 kB[22m[1m[22m[2m Γöé gzip:   0.37 kB[22m
[2mdist/[22m[36massets/CheckCircleIcon-_q5iNZlz.js       [39m[1m[2m  0.52 kB[22m[1m[22m[2m Γöé gzip:   0.38 kB[22m
[2mdist/[22m[36massets/XCircleIcon-2t2kwXUc.js           [39m[1m[2m  0.53 kB[22m[1m[22m[2m Γöé gzip:   0.37 kB[22m
[2mdist/[22m[36massets/ArrowDownTrayIcon-By9LBTrl.js     [39m[1m[2m  0.56 kB[22m[1m[22m[2m Γöé gzip:   0.39 kB[22m
[2mdist/[22m[36massets/UserIcon-Ck1b39UT.js              [39m[1m[2m  0.61 kB[22m[1m[22m[2m Γöé gzip:   0.42 kB[22m
[2mdist/[22m[36massets/PaperClipIcon-DbHauIzk.js         [39m[1m[2m  0.62 kB[22m[1m[22m[2m Γöé gzip:   0.43 kB[22m
[2mdist/[22m[36massets/PencilIcon-DIHkf2Km.js            [39m[1m[2m  0.62 kB[22m[1m[22m[2m Γöé gzip:   0.43 kB[22m
[2mdist/[22m[36massets/ShieldCheckIcon-DxIyyk6i.js       [39m[1m[2m  0.67 kB[22m[1m[22m[2m Γöé gzip:   0.47 kB[22m
[2mdist/[22m[36massets/CalendarIcon-EaIoTrDE.js          [39m[1m[2m  0.68 kB[22m[1m[22m[2m Γöé gzip:   0.42 kB[22m
[2mdist/[22m[36massets/PencilSquareIcon-7jfbEdn0.js      [39m[1m[2m  0.71 kB[22m[1m[22m[2m Γöé gzip:   0.47 kB[22m
[2mdist/[22m[36massets/FolderIcon-BUV8B8ee.js            [39m[1m[2m  0.72 kB[22m[1m[22m[2m Γöé gzip:   0.45 kB[22m
[2mdist/[22m[36massets/EyeIcon-D34SBDJs.js               [39m[1m[2m  0.75 kB[22m[1m[22m[2m Γöé gzip:   0.47 kB[22m
[2mdist/[22m[36massets/FunnelIcon-DEdDK1LM.js            [39m[1m[2m  0.76 kB[22m[1m[22m[2m Γöé gzip:   0.49 kB[22m
[2mdist/[22m[36massets/TagIcon-DXZkRwnZ.js               [39m[1m[2m  0.76 kB[22m[1m[22m[2m Γöé gzip:   0.47 kB[22m
[2mdist/[22m[36massets/EyeSlashIcon-B3VdDExl.js          [39m[1m[2m  0.79 kB[22m[1m[22m[2m Γöé gzip:   0.51 kB[22m
[2mdist/[22m[36massets/index-CprgxII2.js                 [39m[1m[2m  0.79 kB[22m[1m[22m[2m Γöé gzip:   0.51 kB[22m
[2mdist/[22m[36massets/TrashIcon-BEmxLsye.js             [39m[1m[2m  0.87 kB[22m[1m[22m[2m Γöé gzip:   0.55 kB[22m
[2mdist/[22m[36massets/ChartBarIcon-BcT8Iwe7.js          [39m[1m[2m  0.90 kB[22m[1m[22m[2m Γöé gzip:   0.50 kB[22m
[2mdist/[22m[36massets/ChevronUpIcon-BQt8YaFu.js         [39m[1m[2m  0.92 kB[22m[1m[22m[2m Γöé gzip:   0.38 kB[22m
[2mdist/[22m[36massets/UserGroupIcon-CIV0e7Hp.js         [39m[1m[2m  0.97 kB[22m[1m[22m[2m Γöé gzip:   0.57 kB[22m
[2mdist/[22m[36massets/ProjectResourcesPage-DUaWiidr.js  [39m[1m[2m  4.76 kB[22m[1m[22m[2m Γöé gzip:   1.87 kB[22m
[2mdist/[22m[36massets/LoginPage-DZK83SWk.js             [39m[1m[2m  5.26 kB[22m[1m[22m[2m Γöé gzip:   2.01 kB[22m
[2mdist/[22m[36massets/Common-ONPjuwCt.js                [39m[1m[2m  5.30 kB[22m[1m[22m[2m Γöé gzip:   1.93 kB[22m
[2mdist/[22m[36massets/NotificationsPage-BrCeOI-g.js     [39m[1m[2m  5.76 kB[22m[1m[22m[2m Γöé gzip:   2.21 kB[22m
[2mdist/[22m[36massets/ProjectDetailPage-CShef_nA.js     [39m[1m[2m  6.12 kB[22m[1m[22m[2m Γöé gzip:   2.06 kB[22m
[2mdist/[22m[36massets/AddResearchPage-BOHXnEj8.js       [39m[1m[2m  6.40 kB[22m[1m[22m[2m Γöé gzip:   2.47 kB[22m
[2mdist/[22m[36massets/FormTemplatesPage-DcunYpaV.js     [39m[1m[2m  7.07 kB[22m[1m[22m[2m Γöé gzip:   2.75 kB[22m
[2mdist/[22m[36massets/AddProjectPage-Bfwhn4qg.js        [39m[1m[2m  7.20 kB[22m[1m[22m[2m Γöé gzip:   2.36 kB[22m
[2mdist/[22m[36massets/SearchPage-D57LYPQ_.js            [39m[1m[2m  7.21 kB[22m[1m[22m[2m Γöé gzip:   2.61 kB[22m
[2mdist/[22m[36massets/EvaluationPage-D-jnMdff.js        [39m[1m[2m  7.23 kB[22m[1m[22m[2m Γöé gzip:   2.54 kB[22m
[2mdist/[22m[36massets/RegisterPage-g2SLogA3.js          [39m[1m[2m  7.57 kB[22m[1m[22m[2m Γöé gzip:   2.47 kB[22m
[2mdist/[22m[36massets/StudentResearchPage-DPtPjWCz.js   [39m[1m[2m  7.64 kB[22m[1m[22m[2m Γöé gzip:   2.55 kB[22m
[2mdist/[22m[36massets/AIAssistantPage-CKmATSo3.js       [39m[1m[2m  7.67 kB[22m[1m[22m[2m Γöé gzip:   2.23 kB[22m
[2mdist/[22m[36massets/ResearchDetailPage-CH8fB4QU.js    [39m[1m[2m  9.20 kB[22m[1m[22m[2m Γöé gzip:   2.93 kB[22m
[2mdist/[22m[36massets/ResearchPage-DgcOhR4_.js          [39m[1m[2m 10.82 kB[22m[1m[22m[2m Γöé gzip:   3.77 kB[22m
[2mdist/[22m[36massets/LecturerResearchPage-DITI3GDl.js  [39m[1m[2m 11.11 kB[22m[1m[22m[2m Γöé gzip:   3.31 kB[22m
[2mdist/[22m[36massets/UserManagementPage-Ia0gTeAe.js    [39m[1m[2m 11.59 kB[22m[1m[22m[2m Γöé gzip:   3.53 kB[22m
[2mdist/[22m[36massets/ProjectsPage-D9X5V3mf.js          [39m[1m[2m 11.99 kB[22m[1m[22m[2m Γöé gzip:   3.66 kB[22m
[2mdist/[22m[36massets/AdminProjectsPage-Ds-ILh2o.js     [39m[1m[2m 14.44 kB[22m[1m[22m[2m Γöé gzip:   4.39 kB[22m
[2mdist/[22m[36massets/AdminResearchPage-CSmxyIgp.js     [39m[1m[2m 14.60 kB[22m[1m[22m[2m Γöé gzip:   4.63 kB[22m
[2mdist/[22m[36massets/ActivityLogPage-DSU2NyXy.js       [39m[1m[2m 18.83 kB[22m[1m[22m[2m Γöé gzip:   5.76 kB[22m
[2mdist/[22m[36massets/index.esm-BxwAXLgG.js             [39m[1m[2m 27.77 kB[22m[1m[22m[2m Γöé gzip:  10.27 kB[22m
[2mdist/[22m[36massets/index-BEpYfElY.js                 [39m[1m[2m 60.65 kB[22m[1m[22m[2m Γöé gzip:  16.84 kB[22m
[2mdist/[22m[36massets/index-DWjakRXv.js                 [39m[1m[2m261.78 kB[22m[1m[22m[2m Γöé gzip:  85.59 kB[22m
[2mdist/[22m[36massets/DashboardPage-Cc_rP4Vy.js         [39m[1m[2m386.11 kB[22m[1m[22m[2m Γöé gzip: 106.76 kB[22m
[32mΓ£ô built in 5.38s[39m
